// Jest Snapshot v1, https://goo.gl/fbAQLP

exports[`AuthorizationScreen renders correctly 1`] = `
<section
  className="login"
>
  <div
    className="login__logo"
  >
    <img
      alt="Угадай мелодию"
      height="83"
      src="img/melody-logo.png"
      width="186"
    />
  </div>
  <h2
    className="login__title"
  >
    Вы настоящий меломан!
  </h2>
  <p
    className="login__total"
  >
    Вы выиграли, совершив 
    2
     ошибки(-у, -ок)
  </p>
  <p
    className="login__text"
  >
    Хотите сравнить свой результат с предыдущими попытками? Представтесь!
  </p>
  <form
    action=""
    className="login__form"
    onSubmit={[Function]}
  >
    <p
      className="login__field"
    >
      <label
        className="login__label"
        htmlFor="name"
      >
        Логин
      </label>
      <input
        className="login__input"
        id="name"
        name="name"
        onChange={[MockFunction]}
        required={true}
        type="text"
      />
    </p>
    <p
      className="login__field"
    >
      <label
        className="login__label"
        htmlFor="password"
      >
        Пароль
      </label>
      <input
        className="login__input"
        id="password"
        name="password"
        onChange={[MockFunction]}
        required={true}
        type="text"
      />
      <span
        className="login__error"
        style={
          Object {
            "display": "block",
          }
        }
      >
        Bad guy
      </span>
    </p>
    <button
      className="login__button button"
      type="submit"
    >
      Войти
    </button>
  </form>
  <button
    className="replay"
    onClick={[MockFunction]}
    type="button"
  >
    Сыграть ещё раз
  </button>
</section>
`;
